// Vitest Snapshot v1, https://vitest.dev/guide/snapshot.html

exports[`config > load default config 1`] = `
{
  "CompilerServerEndpoint": "http://compiler.ora.io/compile",
  "JsonRpcProviderUrl": {
    "goerli": "https://eth-goerli.nodereal.io/v1/5c1f0a30d6ff4093a31afce579bca8d6",
    "mainnet": "https://eth-mainnet.nodereal.io/v1/5c1f0a30d6ff4093a31afce579bca8d6",
    "sepolia": "https://rpc.ankr.com/eth_sepolia",
  },
  "OutputProofFilePath": "[root]/build/proof_[taskId].txt",
  "PinataEndpoint": "https://api.pinata.cloud/pinning/pinFileToIPFS",
  "PinataJWT": "eyJhbGciOiJIUzI1NiIsInR5cCI6IkpXVCJ9.eyJ1c2VySW5mb3JtYXRpb24iOnsiaWQiOiJhNmQyY2VmMS03ODMzLTQ0YWEtYjdjMi1jYmJmMGUyOTA2OWYiLCJlbWFpbCI6InN5Mjk0MEBueXUuZWR1IiwiZW1haWxfdmVyaWZpZWQiOnRydWUsInBpbl9wb2xpY3kiOnsicmVnaW9ucyI6W3siaWQiOiJGUkExIiwiZGVzaXJlZFJlcGxpY2F0aW9uQ291bnQiOjF9LHsiaWQiOiJOWUMxIiwiZGVzaXJlZFJlcGxpY2F0aW9uQ291bnQiOjF9XSwidmVyc2lvbiI6MX0sIm1mYV9lbmFibGVkIjpmYWxzZSwic3RhdHVzIjoiQUNUSVZFIn0sImF1dGhlbnRpY2F0aW9uVHlwZSI6InNjb3BlZEtleSIsInNjb3BlZEtleUtleSI6ImY2NmY0ZDE2ZjhjZTQxMjEzY2YyIiwic2NvcGVkS2V5U2VjcmV0IjoiZjcyZjcwMGJjNDkzYTIzMGNmNjAxMmFkOTQzZDY2MjIzMzkyZTJiZjI5NTE5MzNjMzNhOGVhYjU0NTM1NzE3OCIsImlhdCI6MTY5MTgwOTUyNH0.OU-IY0AV1OABmtX3ySBBdzvvrIgz8IGCRbgOBPvRO0Y",
  "ProverProviderUrl": "https://rpc.zkwasmhub.com:8090",
  "UserPrivateKey": "0x0",
  "WasmBinPath": "build/cle.wasm",
  "YamlPath": "[root]/src/cle.yaml",
  "ZkwasmProviderUrl": "https://zkwasm-explorer.delphinuslab.com:8090",
  "logger": {
    "level": "info",
  },
}
`;

exports[`config > load function config 1`] = `
{
  "CompilerServerEndpoint": "http://compiler.ora.io/compile",
  "JsonRpcProviderUrl": {
    "goerli": "https://eth-goerli.nodereal.io/v1/5c1f0a30d6ff4093a31afce579bca8d6",
    "mainnet": "https://eth-mainnet.nodereal.io/v1/5c1f0a30d6ff4093a31afce579bca8d6",
    "sepolia": "https://rpc.ankr.com/eth_sepolia",
  },
  "OutputProofFilePath": "[root]/build/proof_[taskId].txt",
  "PinataEndpoint": "https://api.pinata.cloud/pinning/pinFileToIPFS",
  "PinataJWT": "eyJhbGciOiJIUzI1NiIsInR5cCI6IkpXVCJ9.eyJ1c2VySW5mb3JtYXRpb24iOnsiaWQiOiJhNmQyY2VmMS03ODMzLTQ0YWEtYjdjMi1jYmJmMGUyOTA2OWYiLCJlbWFpbCI6InN5Mjk0MEBueXUuZWR1IiwiZW1haWxfdmVyaWZpZWQiOnRydWUsInBpbl9wb2xpY3kiOnsicmVnaW9ucyI6W3siaWQiOiJGUkExIiwiZGVzaXJlZFJlcGxpY2F0aW9uQ291bnQiOjF9LHsiaWQiOiJOWUMxIiwiZGVzaXJlZFJlcGxpY2F0aW9uQ291bnQiOjF9XSwidmVyc2lvbiI6MX0sIm1mYV9lbmFibGVkIjpmYWxzZSwic3RhdHVzIjoiQUNUSVZFIn0sImF1dGhlbnRpY2F0aW9uVHlwZSI6InNjb3BlZEtleSIsInNjb3BlZEtleUtleSI6ImY2NmY0ZDE2ZjhjZTQxMjEzY2YyIiwic2NvcGVkS2V5U2VjcmV0IjoiZjcyZjcwMGJjNDkzYTIzMGNmNjAxMmFkOTQzZDY2MjIzMzkyZTJiZjI5NTE5MzNjMzNhOGVhYjU0NTM1NzE3OCIsImlhdCI6MTY5MTgwOTUyNH0.OU-IY0AV1OABmtX3ySBBdzvvrIgz8IGCRbgOBPvRO0Y",
  "ProverProviderUrl": "https://rpc.zkwasmhub.com:8090",
  "UserPrivateKey": "0x0",
  "WasmBinPath": "build/cle.wasm",
  "YamlPath": "[root]/src/cle.yaml",
  "ZkwasmProviderUrl": "https://zkwasm-explorer.delphinuslab.com:8090",
  "logger": {
    "level": "info",
  },
}
`;

exports[`config > load object config 1`] = `
{
  "CompilerServerEndpoint": "http://compiler.ora.io/compile",
  "JsonRpcProviderUrl": {
    "goerli": "https://eth-goerli.nodereal.io/v1/5c1f0a30d6ff4093a31afce579bca8d6",
    "mainnet": "https://eth-mainnet.nodereal.io/v1/5c1f0a30d6ff4093a31afce579bca8d6",
    "sepolia": "https://rpc.ankr.com/eth_sepolia",
  },
  "OutputProofFilePath": "[root]/build/proof_[taskId].txt",
  "PinataEndpoint": "https://api.pinata.cloud/pinning/pinFileToIPFS",
  "PinataJWT": "eyJhbGciOiJIUzI1NiIsInR5cCI6IkpXVCJ9.eyJ1c2VySW5mb3JtYXRpb24iOnsiaWQiOiJhNmQyY2VmMS03ODMzLTQ0YWEtYjdjMi1jYmJmMGUyOTA2OWYiLCJlbWFpbCI6InN5Mjk0MEBueXUuZWR1IiwiZW1haWxfdmVyaWZpZWQiOnRydWUsInBpbl9wb2xpY3kiOnsicmVnaW9ucyI6W3siaWQiOiJGUkExIiwiZGVzaXJlZFJlcGxpY2F0aW9uQ291bnQiOjF9LHsiaWQiOiJOWUMxIiwiZGVzaXJlZFJlcGxpY2F0aW9uQ291bnQiOjF9XSwidmVyc2lvbiI6MX0sIm1mYV9lbmFibGVkIjpmYWxzZSwic3RhdHVzIjoiQUNUSVZFIn0sImF1dGhlbnRpY2F0aW9uVHlwZSI6InNjb3BlZEtleSIsInNjb3BlZEtleUtleSI6ImY2NmY0ZDE2ZjhjZTQxMjEzY2YyIiwic2NvcGVkS2V5U2VjcmV0IjoiZjcyZjcwMGJjNDkzYTIzMGNmNjAxMmFkOTQzZDY2MjIzMzkyZTJiZjI5NTE5MzNjMzNhOGVhYjU0NTM1NzE3OCIsImlhdCI6MTY5MTgwOTUyNH0.OU-IY0AV1OABmtX3ySBBdzvvrIgz8IGCRbgOBPvRO0Y",
  "ProverProviderUrl": "https://rpc.zkwasmhub.com:8090",
  "UserPrivateKey": "0x0",
  "WasmBinPath": "build/cle.wasm",
  "YamlPath": "[root]/src/cle.yaml",
  "ZkwasmProviderUrl": "https://zkwasm-explorer.delphinuslab.com:8090",
  "logger": {
    "level": "info",
  },
}
`;

exports[`config > merge config 1`] = `
{
  "CompilerServerEndpoint": "https://compiler.ora.io/compile/",
  "JsonRpcProviderUrl": {
    "goerli": "https://eth-goerli.nodereal.io/v1/5c1f0a30d6ff4093a31afce579bca8d6",
    "mainnet": "https://eth-mainnet.nodereal.io/v1/5c1f0a30d6ff4093a31afce579bca8d6",
    "sepolia": "https://rpc.ankr.com/eth_sepolia",
  },
  "OutputProofFilePath": "[root]/build/proof_[taskId].txt",
  "PinataEndpoint": "https://api.pinata.cloud/pinning/pinFileToIPFS",
  "PinataJWT": "PinataJWT",
  "ProverProviderUrl": "https://rpc.zkwasmhub.com:8090",
  "UserPrivateKey": "UserPrivateKey",
  "WasmBinPath": "WasmBinPath",
  "ZkwasmProviderUrl": "https://rpc.zkwasmhub.com:8090",
  "logger": {
    "level": "info",
  },
}
`;
